
> houdoku-mono@ dist:win C:\Users\dnvm8\Documents\GitHub\houdoku-S41L0R
> turbo dist:win

node.exe : turbo 2.3.3
At C:\Users\dnvm8\AppData\Roaming\npm\pnpm.ps1:24 char:5
+     & "node$exe"  "$basedir/node_modules/pnpm/bin/pnpm.cjs" $args
+     ~~~~~~~~~~~~~~~~~~~~~~~~~~~~~~~~~~~~~~~~~~~~~~~~~~~~~~~~~~~~~
    + CategoryInfo          : NotSpecified: (turbo 2.3.3:String) [], RemoteException
    + FullyQualifiedErrorId : NativeCommandError
 

ΓÇó Packages in scope: @houdoku/desktop, @houdoku/docs, @houdoku/ui
ΓÇó Running dist:win in 3 packages
ΓÇó Remote caching disabled
@houdoku/docs:build: cache hit, replaying logs 7feb77f7726dbbad
@houdoku/docs:build: [2J[m[H]0;C:\WINDOWS\system32\cmd.exe [?25h[25l
@houdoku/docs:build: > @houdoku/docs@1.0.0 build C:\Users\dnvm8\Documents\GitHub\houdoku-S41L0R\apps\docs
@houdoku/docs:build: > vitepress build src[63X[5;1H[?25h[25l[11;1H[?25h
@houdoku/docs:build: 
@houdoku/docs:build: 
@houdoku/docs:build: 
@houdoku/docs:build: [25l[H[K
@houdoku/docs:build:   [1m[92mvitepress[22m[32m v1.5.0[m[K
@houdoku/docs:build: [K
@houdoku/docs:build: [K
@houdoku/docs:build: [K
@houdoku/docs:build: [K
@houdoku/docs:build: [K
@houdoku/docs:build: [K
@houdoku/docs:build: [K
@houdoku/docs:build: [K
@houdoku/docs:build: [K[4;1H[?25h[?25lΓáï building client + server bundles...
@houdoku/docs:build: ΓáÖ building client + server bundles...[K[95C
@houdoku/docs:build: Γá╣ building client + server bundles...[K[95C
@houdoku/docs:build: Γá╕ building client + server bundles...[K[95C
@houdoku/docs:build: Γá╝ building client + server bundles...[K[95C
@houdoku/docs:build: Γá┤ building client + server bundles...[K[95C
@houdoku/docs:build: Γáª building client + server bundles...[K[95C
@houdoku/docs:build: Γáº building client + server bundles...[K[95C
@houdoku/docs:build: Γáç building client + server bundles...[K[95C
@houdoku/docs:build: ΓáÅ building client + server bundles...[K[95C
@houdoku/docs:build: Γáï building client + server bundles...[K[95C
@houdoku/docs:build: ΓáÖ building client + server bundles...[K[95C
@houdoku/docs:build: Γá╣ building client + server bundles...[K[95C
@houdoku/docs:build: Γá╕ building client + server bundles...[K[95C
@houdoku/docs:build: Γá╝ building client + server bundles...[K[95C
@houdoku/docs:build: Γá┤ building client + server bundles...[K[95C
@houdoku/docs:build: Γáª building client + server bundles...[K[95C
@houdoku/docs:build: Γáº building client + server bundles...[K[95C
@houdoku/docs:build: Γáç building client + server bundles...[K[95C
@houdoku/docs:build: ΓáÅ building client + server bundles...[K[95C
@houdoku/docs:build: Γáï building client + server bundles...[K[95C
@houdoku/docs:build: [K[132C
@houdoku/docs:build: ΓáÖ building client + server bundles...[K[95C
@houdoku/docs:build: Γá╣ building client + server bundles...[K[95C
@houdoku/docs:build: Γá╕ building client + server bundles...[K[95C
@houdoku/docs:build: Γá╝ building client + server bundles...[K[95C
@houdoku/docs:build: Γá┤ building client + server bundles...[K[95C
@houdoku/docs:build: Γáª building client + server bundles...[K[95C
@houdoku/docs:build: Γáº building client + server bundles...[K[95C
@houdoku/docs:build: Γáç building client + server bundles...[K[95C
@houdoku/docs:build: ΓáÅ building client + server bundles...[K[95C
@houdoku/docs:build: Γáï building client + server bundles...[K[95C
@houdoku/docs:build: ΓáÖ building client + server bundles...[K[95C
@houdoku/docs:build: Γá╣ building client + server bundles...[K[95C
@houdoku/docs:build: Γá╕ building client + server bundles...[K[95C
@houdoku/docs:build: Γá╝ building client + server bundles...[K[95C
@houdoku/docs:build: [K[132C
@houdoku/docs:build: Γáª building client + server bundles...[K[95C[32m
@houdoku/docs:build: Γ£ô[m building client + server bundles...[K
@houdoku/docs:build: [?25h[?25lΓáï rendering pages...
@houdoku/docs:build: ΓáÖ rendering pages...[K[112C[32m
@houdoku/docs:build: Γ£ô[m rendering pages...[K
@houdoku/docs:build: build complete in 5.68s.[K
@houdoku/docs:build: [?25h
@houdoku/desktop:build: cache hit, replaying logs 47374cf7ca9bef59
@houdoku/desktop:build: [2J[m[H]0;C:\WINDOWS\system32\cmd.exe [?25h[25l
@houdoku/desktop:build: > @houdoku/desktop@2.17.0 build C:\Users\dnvm8\Documents\GitHub\houdoku-S41L0R\apps\desktop
@houdoku/desktop:build: > electron-vite build[70X[5;1H[?25h[36mvite v5.4.11 [32mbuilding SSR bundle for production...
@houdoku/desktop:build: [m[Ktransforming (1) src\main\index.ts
@houdoku/desktop:build: [K[34C
@houdoku/desktop:build: transforming (14) src\main\services\trackers\myanimelist.ts
@houdoku/desktop:build: [K[59C
@houdoku/desktop:build: src/main/services/extension.ts (49:8): Use of eval in "src/main/services/extension.ts" is strongly discouraged as it poses security 
@houdoku/desktop:build: risks and may cause issues with minification.[K
@houdoku/desktop:build: [K[32mΓ£ô[m 21 modules transformed.
@houdoku/desktop:build: [Kout/main/[36mindex.js  [1m[97m85.06 kB[m[K[32m
@houdoku/desktop:build: Γ£ô built in 1.38s[m[K
@houdoku/desktop:build: [36mvite v5.4.11 [32mbuilding SSR bundle for production...
@houdoku/desktop:build: [m
@houdoku/desktop:build: [32mΓ£ô[m 1 modules transformed.[K
@houdoku/desktop:build: Generated an empty chunk: "index".
@houdoku/desktop:build: out/preload/[36mindex.js  [1m[97m0.01 kB[m[K
@houdoku/desktop:build: [32mΓ£ô built in 17ms[m[K
@houdoku/desktop:build: [36mvite v5.4.11 [32mbuilding for production...
@houdoku/desktop:build: [m
@houdoku/desktop:build: [Ktransforming (1) index.html
@houdoku/desktop:build: [K[27C
@houdoku/desktop:build: transforming (9) ..\..\..\..\node_modules\.pnpm\react@18.3.1\node_modules\react\cjs\react.production.min.js
@houdoku/desktop:build: [K[107C
@houdoku/desktop:build: transforming (22) ..\..\package.json
@houdoku/desktop:build: [K[36C
@houdoku/desktop:build: transforming (36) ..\..\..\..\node_modules\.pnpm\@tiyo+common@1.0.0\node_modules\@tiyo\common\src\lib\interfaces.js
@houdoku/desktop:build: [K[115C
@houdoku/desktop:build: transforming (43) ..\common\constants\storeKeys.json
@houdoku/desktop:build: [K[52C
@houdoku/desktop:build: ../../packages/ui/src/components/Accordion.tsx (1:0): Error when using sourcemap for reporting an error: Can't resolve original loca
@houdoku/desktop:build: tion of error.
@houdoku/desktop:build: ../../packages/ui/src/components/Accordion.tsx (1:0): Module level directives cause errors when bundled, "use client" in "../../pack
@houdoku/desktop:build: ages/ui/src/components/Accordion.tsx" was ignored.
@houdoku/desktop:build: [K../../packages/ui/src/components/Toaster.tsx (1:0): Error when using sourcemap for reporting an error: Can't resolve original locati
@houdoku/desktop:build: on of error.
@houdoku/desktop:build: ../../packages/ui/src/components/Toaster.tsx (1:0): Module level directives cause errors when bundled, "use client" in "../../packag
@houdoku/desktop:build: es/ui/src/components/Toaster.tsx" was ignored.
@houdoku/desktop:build: [K../../packages/ui/src/components/AlertDialog.tsx (1:0): Error when using sourcemap for reporting an error: Can't resolve original lo
@houdoku/desktop:build: cation of error.
@houdoku/desktop:build: ../../packages/ui/src/components/AlertDialog.tsx (1:0): Module level directives cause errors when bundled, "use client" in "../../pa
@houdoku/desktop:build: ckages/ui/src/components/AlertDialog.tsx" was ignored.
@houdoku/desktop:build: ../../packages/ui/src/hooks/use-toast.tsx (1:0): Error when using sourcemap for reporting an error: Can't resolve original location 
@houdoku/desktop:build: of error.
@houdoku/desktop:build: ../../packages/ui/src/hooks/use-toast.tsx (1:0): Module level directives cause errors when bundled, "use client" in "../../packages/
@houdoku/desktop:build: ui/src/hooks/use-toast.tsx" was ignored.
@houdoku/desktop:build: ../../packages/ui/src/components/Sidebar.tsx (1:0): Error when using sourcemap for reporting an error: Can't resolve original locati
@houdoku/desktop:build: on of error.
@houdoku/desktop:build: ../../packages/ui/src/components/Sidebar.tsx (1:0): Module level directives cause errors when bundled, "use client" in "../../packag
@houdoku/desktop:build: es/ui/src/components/Sidebar.tsx" was ignored.
@houdoku/desktop:build: [25ltransforming (80) ..\..\..\..\node_modules\.pnpm\lucide-react@0.468.0_react@18.3.1\node_modules\lucide-react\dist\esm\icons\cha     [11;128H[?25h
@houdoku/desktop:build: [K[127C
@houdoku/desktop:build: transforming (155) ..\..\..\..\node_modules\.pnpm\lucide-react@0.468.0_react@18.3.1\node_modules\lucide-react\dist\esm\icons\laBrows
@houdoku/desktop:build: erslist: browsers data (caniuse-lite) is 11 months old. Please run:
@houdoku/desktop:build:   npx update-browserslist-db@latest
@houdoku/desktop:build:   Why you should do it regularly: https://github.com/browserslist/update-db#readme
@houdoku/desktop:build: [Ktransforming (185) ..\..\..\..\node_modules\.pnpm\lucide-react@0.468.0_react@18.3.1\node_modules\lucide-react\dist\esm\icons\sq
@houdoku/desktop:build: [K[127C
@houdoku/desktop:build: transforming (200) ..\..\..\..\node_modules\.pnpm\lucide-react@0.468.0_react@18.3.1\node_modules\lucide-react\dist\esm\icons\sq
@houdoku/desktop:build: [K[127C
@houdoku/desktop:build: transforming (220) ..\..\..\..\node_modules\.pnpm\lucide-react@0.468.0_react@18.3.1\node_modules\lucide-react\dist\esm\icons\sq
@houdoku/desktop:build: [K[127C
@houdoku/desktop:build: transforming (244) ..\..\..\..\node_modules\.pnpm\lucide-react@0.468.0_react@18.3.1\node_modules\lucide-react\dist\esm\icons\tr
@houdoku/desktop:build: [K[127C
@houdoku/desktop:build: transforming (326) ..\..\..\..\node_modules\.pnpm\lucide-react@0.468.0_react@18.3.1\node_modules\lucide-react\dist\esm\icons\ar
@houdoku/desktop:build: [K[127C
@houdoku/desktop:build: transforming (406) ..\..\..\..\node_modules\.pnpm\lucide-react@0.468.0_react@18.3.1\node_modules\lucide-react\dist\esm\icons\bi
@houdoku/desktop:build: [K[127C
@houdoku/desktop:build: transforming (486) ..\..\..\..\node_modules\.pnpm\lucide-react@0.468.0_react@18.3.1\node_modules\lucide-react\dist\esm\icons\ca
@houdoku/desktop:build: [K[127C
@houdoku/desktop:build: transforming (579) ..\..\..\..\node_modules\.pnpm\lucide-react@0.468.0_react@18.3.1\node_modules\lucide-react\dist\esm\icons\cl
@houdoku/desktop:build: [K[127C
@houdoku/desktop:build: transforming (679) ..\..\..\..\node_modules\.pnpm\lucide-react@0.468.0_react@18.3.1\node_modules\lucide-react\dist\esm\icons\dn
@houdoku/desktop:build: [K[127C
@houdoku/desktop:build: transforming (765) ..\..\..\..\node_modules\.pnpm\lucide-react@0.468.0_react@18.3.1\node_modules\lucide-react\dist\esm\icons\fi
@houdoku/desktop:build: [K[127C
@houdoku/desktop:build: transforming (862) ..\..\..\..\node_modules\.pnpm\lucide-react@0.468.0_react@18.3.1\node_modules\lucide-react\dist\esm\icons\gi
@houdoku/desktop:build: [K[127C
@houdoku/desktop:build: transforming (953) ..\..\..\..\node_modules\.pnpm\lucide-react@0.468.0_react@18.3.1\node_modules\lucide-react\dist\esm\icons\ke
@houdoku/desktop:build: [K[127C
@houdoku/desktop:build: transforming (1063) ..\..\..\..\node_modules\.pnpm\lucide-react@0.468.0_react@18.3.1\node_modules\lucide-react\dist\esm\icons\m
@houdoku/desktop:build: [K[127C
@houdoku/desktop:build: transforming (1166) ..\..\..\..\node_modules\.pnpm\lucide-react@0.468.0_react@18.3.1\node_modules\lucide-react\dist\esm\icons\p
@houdoku/desktop:build: [K[127C
@houdoku/desktop:build: transforming (1305) ..\..\..\..\node_modules\.pnpm\lucide-react@0.468.0_react@18.3.1\node_modules\lucide-react\dist\esm\icons\s
@houdoku/desktop:build: [K[127C
@houdoku/desktop:build: transforming (1426) ..\..\..\..\node_modules\.pnpm\lucide-react@0.468.0_react@18.3.1\node_modules\lucide-react\dist\esm\icons\s
@houdoku/desktop:build: [K[127C
@houdoku/desktop:build: transforming (1546) ..\..\..\..\node_modules\.pnpm\lucide-react@0.468.0_react@18.3.1\node_modules\lucide-react\dist\esm\icons\u
@houdoku/desktop:build: [K[127C
@houdoku/desktop:build: transforming (1618) ..\..\..\..\node_modules\.pnpm\@remix-run+router@1.21.0\node_modules\@remix-run\router\dist\router.js
@houdoku/desktop:build: [K[121C
@houdoku/desktop:build: ../../packages/ui/src/components/Dialog.tsx (1:0): Error when using sourcemap for reporting an error: Can't resolve original locatio
@houdoku/desktop:build: n of error.
@houdoku/desktop:build: ../../packages/ui/src/components/Dialog.tsx (1:0): Module level directives cause errors when bundled, "use client" in "../../package
@houdoku/desktop:build: s/ui/src/components/Dialog.tsx" was ignored.
@houdoku/desktop:build: [K../../node_modules/.pnpm/@radix-ui+react-accordion@1.2.2_@types+react-dom@18.3.5_@types+react@18.3.1__@types+react@18._3niwymgkzuhtp
@houdoku/desktop:build: zkbqwbjv2veni/node_modules/@radix-ui/react-accordion/dist/index.mjs (1:0): Module level directives cause errors when bundled, "use c
@houdoku/desktop:build: lient" in "../../node_modules/.pnpm/@radix-ui+react-accordion@1.2.2_@types+react-dom@18.3.5_@types+react@18.3.1__@types+react@18._3n
@houdoku/desktop:build: iwymgkzuhtpzkbqwbjv2veni/node_modules/@radix-ui/react-accordion/dist/index.mjs" was ignored.
@houdoku/desktop:build: ../../packages/ui/src/components/Collapsible.tsx (1:0): Error when using sourcemap for reporting an error: Can't resolve original lo
@houdoku/desktop:build: cation of error.
@houdoku/desktop:build: ../../packages/ui/src/components/Collapsible.tsx (1:0): Module level directives cause errors when bundled, "use client" in "../../pa
@houdoku/desktop:build: ckages/ui/src/components/Collapsible.tsx" was ignored.
@houdoku/desktop:build: [Ktransforming (1646) components\search\SearchControlBar.tsx
@houdoku/desktop:build: ../../packages/ui/src/components/DropdownMenu.tsx (1:0): Error when using sourcemap for reporting an error: Can't resolve original l
@houdoku/desktop:build: ocation of error.
@houdoku/desktop:build: ../../packages/ui/src/components/DropdownMenu.tsx (1:0): Module level directives cause errors when bundled, "use client" in "../../p
@houdoku/desktop:build: ackages/ui/src/components/DropdownMenu.tsx" was ignored.
@houdoku/desktop:build: [K../../packages/ui/src/components/Toast.tsx (1:0): Error when using sourcemap for reporting an error: Can't resolve original location
@houdoku/desktop:build:  of error.
@houdoku/desktop:build: ../../packages/ui/src/components/Toast.tsx (1:0): Module level directives cause errors when bundled, "use client" in "../../packages
@houdoku/desktop:build: /ui/src/components/Toast.tsx" was ignored.
@houdoku/desktop:build: ../../node_modules/.pnpm/@radix-ui+react-alert-dialog@1.1.4_@types+react-dom@18.3.5_@types+react@18.3.1__@types+react@_3z4xr2xsq7mc3
@houdoku/desktop:build: abubdcbsnaqui/node_modules/@radix-ui/react-alert-dialog/dist/index.mjs (1:0): Module level directives cause errors when bundled, "us
@houdoku/desktop:build: e client" in "../../node_modules/.pnpm/@radix-ui+react-alert-dialog@1.1.4_@types+react-dom@18.3.5_@types+react@18.3.1__@types+react@
@houdoku/desktop:build: _3z4xr2xsq7mc3abubdcbsnaqui/node_modules/@radix-ui/react-alert-dialog/dist/index.mjs" was ignored.
@houdoku/desktop:build: [Ktransforming (1676) ..\..\..\..\node_modules\.pnpm\@radix-ui+react-slot@1.1.1_@types+react@18.3.1_react@18.3.1\node_modules\@ra
@houdoku/desktop:build: ../../node_modules/.pnpm/@radix-ui+react-dialog@1.1.4_@types+react-dom@18.3.5_@types+react@18.3.1__@types+react@18.3.1_g62zxtfvcvg47
@houdoku/desktop:build: bvp5alighfzpe/node_modules/@radix-ui/react-dialog/dist/index.mjs (1:0): Module level directives cause errors when bundled, "use clie
@houdoku/desktop:build: nt" in "../../node_modules/.pnpm/@radix-ui+react-dialog@1.1.4_@types+react-dom@18.3.5_@types+react@18.3.1__@types+react@18.3.1_g62zx
@houdoku/desktop:build: tfvcvg47bvp5alighfzpe/node_modules/@radix-ui/react-dialog/dist/index.mjs" was ignored.
@houdoku/desktop:build: [K../../packages/ui/src/components/ScrollArea.tsx (1:0): Error when using sourcemap for reporting an error: Can't resolve original loc
@houdoku/desktop:build: ation of error.
@houdoku/desktop:build: ../../packages/ui/src/components/ScrollArea.tsx (1:0): Module level directives cause errors when bundled, "use client" in "../../pac
@houdoku/desktop:build: kages/ui/src/components/ScrollArea.tsx" was ignored.
@houdoku/desktop:build: [K../../packages/ui/src/components/Separator.tsx (1:0): Error when using sourcemap for reporting an error: Can't resolve original loca
@houdoku/desktop:build: tion of error.
@houdoku/desktop:build: ../../packages/ui/src/components/Separator.tsx (1:0): Module level directives cause errors when bundled, "use client" in "../../pack
@houdoku/desktop:build: ages/ui/src/components/Separator.tsx" was ignored.
@houdoku/desktop:build: ../../packages/ui/src/components/Tooltip.tsx (1:0): Error when using sourcemap for reporting an error: Can't resolve original locati
@houdoku/desktop:build: on of error.
@houdoku/desktop:build: ../../packages/ui/src/components/Tooltip.tsx (1:0): Module level directives cause errors when bundled, "use client" in "../../packag
@houdoku/desktop:build: es/ui/src/components/Tooltip.tsx" was ignored.
@houdoku/desktop:build: ../../packages/ui/src/components/Sheet.tsx (1:0): Error when using sourcemap for reporting an error: Can't resolve original location
@houdoku/desktop:build:  of error.
@houdoku/desktop:build: ../../packages/ui/src/components/Sheet.tsx (1:0): Module level directives cause errors when bundled, "use client" in "../../packages
@houdoku/desktop:build: /ui/src/components/Sheet.tsx" was ignored.
@houdoku/desktop:build: [25l
@houdoku/desktop:build: transforming (1705) ..\..\..\..\node_modules\.pnpm\@radix-ui+react-collapsible@1.1.2_@types+react-dom@18.3.5_@types+react@18.3.     [11;128H[?25h
@houdoku/desktop:build: ../../node_modules/.pnpm/@radix-ui+react-collection@1.1.1_@types+react-dom@18.3.5_@types+react@18.3.1__@types+react@18_bfgeh57526gbu
@houdoku/desktop:build: h5b5fh6koenpy/node_modules/@radix-ui/react-collection/dist/index.mjs (1:0): Module level directives cause errors when bundled, "use 
@houdoku/desktop:build: client" in "../../node_modules/.pnpm/@radix-ui+react-collection@1.1.1_@types+react-dom@18.3.5_@types+react@18.3.1__@types+react@18_b
@houdoku/desktop:build: fgeh57526gbuh5b5fh6koenpy/node_modules/@radix-ui/react-collection/dist/index.mjs" was ignored.
@houdoku/desktop:build: [K../../node_modules/.pnpm/@radix-ui+react-collapsible@1.1.2_@types+react-dom@18.3.5_@types+react@18.3.1__@types+react@1_xvhbvlah57f2u
@houdoku/desktop:build: mo66oglqvugna/node_modules/@radix-ui/react-collapsible/dist/index.mjs (1:0): Module level directives cause errors when bundled, "use
@houdoku/desktop:build:  client" in "../../node_modules/.pnpm/@radix-ui+react-collapsible@1.1.2_@types+react-dom@18.3.5_@types+react@18.3.1__@types+react@1_
@houdoku/desktop:build: xvhbvlah57f2umo66oglqvugna/node_modules/@radix-ui/react-collapsible/dist/index.mjs" was ignored.
@houdoku/desktop:build: ../../packages/ui/src/components/RadioGroup.tsx (1:0): Error when using sourcemap for reporting an error: Can't resolve original loc
@houdoku/desktop:build: ation of error.
@houdoku/desktop:build: ../../packages/ui/src/components/RadioGroup.tsx (1:0): Module level directives cause errors when bundled, "use client" in "../../pac
@houdoku/desktop:build: kages/ui/src/components/RadioGroup.tsx" was ignored.
@houdoku/desktop:build: ../../packages/ui/src/components/Label.tsx (1:0): Error when using sourcemap for reporting an error: Can't resolve original location
@houdoku/desktop:build:  of error.
@houdoku/desktop:build: ../../packages/ui/src/components/Label.tsx (1:0): Module level directives cause errors when bundled, "use client" in "../../packages
@houdoku/desktop:build: /ui/src/components/Label.tsx" was ignored.
@houdoku/desktop:build: transforming (1719) ..\..\..\..\node_modules\.pnpm\semver@7.6.3\node_modules\semver\internal\identifiers.js[K
@houdoku/desktop:build: [K[107C
@houdoku/desktop:build: ../../node_modules/.pnpm/@radix-ui+react-toast@1.2.4_@types+react-dom@18.3.5_@types+react@18.3.1__@types+react@18.3.1__xylxb5p3s7jpg
@houdoku/desktop:build: 5ldmac2j32oqa/node_modules/@radix-ui/react-toast/dist/index.mjs (1:0): Module level directives cause errors when bundled, "use clien
@houdoku/desktop:build: t" in "../../node_modules/.pnpm/@radix-ui+react-toast@1.2.4_@types+react-dom@18.3.5_@types+react@18.3.1__@types+react@18.3.1__xylxb5
@houdoku/desktop:build: p3s7jpg5ldmac2j32oqa/node_modules/@radix-ui/react-toast/dist/index.mjs" was ignored.
@houdoku/desktop:build: [K../../node_modules/.pnpm/@radix-ui+react-context-menu@2.2.4_@types+react-dom@18.3.5_@types+react@18.3.1__@types+react@_cm2eir4fquxws
@houdoku/desktop:build: knjwyt4azgc2y/node_modules/@radix-ui/react-context-menu/dist/index.mjs (1:0): Module level directives cause errors when bundled, "us
@houdoku/desktop:build: e client" in "../../node_modules/.pnpm/@radix-ui+react-context-menu@2.2.4_@types+react-dom@18.3.5_@types+react@18.3.1__@types+react@
@houdoku/desktop:build: _cm2eir4fquxwsknjwyt4azgc2y/node_modules/@radix-ui/react-context-menu/dist/index.mjs" was ignored.
@houdoku/desktop:build: ../../node_modules/.pnpm/@radix-ui+react-dropdown-menu@2.1.4_@types+react-dom@18.3.5_@types+react@18.3.1__@types+react_7gtl6f4crbo6z
@houdoku/desktop:build: pimqwta35oaia/node_modules/@radix-ui/react-dropdown-menu/dist/index.mjs (1:0): Module level directives cause errors when bundled, "u
@houdoku/desktop:build: se client" in "../../node_modules/.pnpm/@radix-ui+react-dropdown-menu@2.1.4_@types+react-dom@18.3.5_@types+react@18.3.1__@types+reac
@houdoku/desktop:build: t_7gtl6f4crbo6zpimqwta35oaia/node_modules/@radix-ui/react-dropdown-menu/dist/index.mjs" was ignored.
@houdoku/desktop:build: [K../../packages/ui/src/components/Progress.tsx (1:0): Error when using sourcemap for reporting an error: Can't resolve original locat
@houdoku/desktop:build: ion of error.
@houdoku/desktop:build: ../../packages/ui/src/components/Progress.tsx (1:0): Module level directives cause errors when bundled, "use client" in "../../packa
@houdoku/desktop:build: ges/ui/src/components/Progress.tsx" was ignored.
@houdoku/desktop:build: ../../node_modules/.pnpm/@radix-ui+react-dismissable-layer@1.1.3_@types+react-dom@18.3.5_@types+react@18.3.1__@types+r_awv65zwzmzdbz
@houdoku/desktop:build: sqnaeotru6xbu/node_modules/@radix-ui/react-dismissable-layer/dist/index.mjs (1:0): Module level directives cause errors when bundled
@houdoku/desktop:build: , "use client" in "../../node_modules/.pnpm/@radix-ui+react-dismissable-layer@1.1.3_@types+react-dom@18.3.5_@types+react@18.3.1__@ty
@houdoku/desktop:build: pes+r_awv65zwzmzdbzsqnaeotru6xbu/node_modules/@radix-ui/react-dismissable-layer/dist/index.mjs" was ignored.
@houdoku/desktop:build: ../../node_modules/.pnpm/@radix-ui+react-portal@1.1.3_@types+react-dom@18.3.5_@types+react@18.3.1__@types+react@18.3.1_qouu62qgwpo27
@houdoku/desktop:build: huxw47vtryltm/node_modules/@radix-ui/react-portal/dist/index.mjs (1:0): Module level directives cause errors when bundled, "use clie
@houdoku/desktop:build: nt" in "../../node_modules/.pnpm/@radix-ui+react-portal@1.1.3_@types+react-dom@18.3.5_@types+react@18.3.1__@types+react@18.3.1_qouu6
@houdoku/desktop:build: 2qgwpo27huxw47vtryltm/node_modules/@radix-ui/react-portal/dist/index.mjs" was ignored.
@houdoku/desktop:build: ../../node_modules/.pnpm/@radix-ui+react-focus-scope@1.1.1_@types+react-dom@18.3.5_@types+react@18.3.1__@types+react@1_toxjy4s7hpsbk
@houdoku/desktop:build: gurjucumfeyka/node_modules/@radix-ui/react-focus-scope/dist/index.mjs (1:0): Module level directives cause errors when bundled, "use
@houdoku/desktop:build:  client" in "../../node_modules/.pnpm/@radix-ui+react-focus-scope@1.1.1_@types+react-dom@18.3.5_@types+react@18.3.1__@types+react@1_
@houdoku/desktop:build: toxjy4s7hpsbkgurjucumfeyka/node_modules/@radix-ui/react-focus-scope/dist/index.mjs" was ignored.
@houdoku/desktop:build: ../../node_modules/.pnpm/@radix-ui+react-focus-guards@1.1.1_@types+react@18.3.1_react@18.3.1/node_modules/@radix-ui/react-focus-guar
@houdoku/desktop:build: ds/dist/index.mjs (1:0): Module level directives cause errors when bundled, "use client" in "../../node_modules/.pnpm/@radix-ui+reac
@houdoku/desktop:build: t-focus-guards@1.1.1_@types+react@18.3.1_react@18.3.1/node_modules/@radix-ui/react-focus-guards/dist/index.mjs" was ignored.        
@houdoku/desktop:build: ../../node_modules/.pnpm/@radix-ui+react-presence@1.1.2_@types+react-dom@18.3.5_@types+react@18.3.1__@types+react@18.3_esy2sak6j2ige
@houdoku/desktop:build: erpri5l52b2ua/node_modules/@radix-ui/react-presence/dist/index.mjs (1:0): Module level directives cause errors when bundled, "use cl
@houdoku/desktop:build: ient" in "../../node_modules/.pnpm/@radix-ui+react-presence@1.1.2_@types+react-dom@18.3.5_@types+react@18.3.1__@types+react@18.3_esy
@houdoku/desktop:build: 2sak6j2igeerpri5l52b2ua/node_modules/@radix-ui/react-presence/dist/index.mjs" was ignored.
@houdoku/desktop:build: ../../node_modules/.pnpm/@radix-ui+react-scroll-area@1.2.2_@types+react-dom@18.3.5_@types+react@18.3.1__@types+react@1_iijzg2xd26dpr
@houdoku/desktop:build: vh4jp3tdkigda/node_modules/@radix-ui/react-scroll-area/dist/index.mjs (1:0): Module level directives cause errors when bundled, "use
@houdoku/desktop:build:  client" in "../../node_modules/.pnpm/@radix-ui+react-scroll-area@1.2.2_@types+react-dom@18.3.5_@types+react@18.3.1__@types+react@1_
@houdoku/desktop:build: iijzg2xd26dprvh4jp3tdkigda/node_modules/@radix-ui/react-scroll-area/dist/index.mjs" was ignored.
@houdoku/desktop:build: ../../node_modules/.pnpm/@radix-ui+react-tooltip@1.1.6_@types+react-dom@18.3.5_@types+react@18.3.1__@types+react@18.3._6dnslsiosqhpb
@houdoku/desktop:build: p2npxdc3yxjl4/node_modules/@radix-ui/react-tooltip/dist/index.mjs (1:0): Module level directives cause errors when bundled, "use cli
@houdoku/desktop:build: ent" in "../../node_modules/.pnpm/@radix-ui+react-tooltip@1.1.6_@types+react-dom@18.3.5_@types+react@18.3.1__@types+react@18.3._6dns
@houdoku/desktop:build: lsiosqhpbp2npxdc3yxjl4/node_modules/@radix-ui/react-tooltip/dist/index.mjs" was ignored.
@houdoku/desktop:build: [K../../packages/ui/src/components/Switch.tsx (1:0): Error when using sourcemap for reporting an error: Can't resolve original locatio
@houdoku/desktop:build: n of error.
@houdoku/desktop:build: ../../packages/ui/src/components/Switch.tsx (1:0): Module level directives cause errors when bundled, "use client" in "../../package
@houdoku/desktop:build: s/ui/src/components/Switch.tsx" was ignored.
@houdoku/desktop:build: [25ltransforming (1771) ..\..\..\..\node_modules\.pnpm\@radix-ui+react-use-layout-effect@1.1.0_@types+react@18.3.1_react@18.3.1\nod     [11;128H[?25h
@houdoku/desktop:build: ../../node_modules/.pnpm/@radix-ui+react-radio-group@1.2.2_@types+react-dom@18.3.5_@types+react@18.3.1__@types+react@1_ehckeh3oqsr5x
@houdoku/desktop:build: os2unzwkj5lke/node_modules/@radix-ui/react-radio-group/dist/index.mjs (1:0): Module level directives cause errors when bundled, "use
@houdoku/desktop:build:  client" in "../../node_modules/.pnpm/@radix-ui+react-radio-group@1.2.2_@types+react-dom@18.3.5_@types+react@18.3.1__@types+react@1_
@houdoku/desktop:build: ehckeh3oqsr5xos2unzwkj5lke/node_modules/@radix-ui/react-radio-group/dist/index.mjs" was ignored.
@houdoku/desktop:build: [K../../node_modules/.pnpm/@radix-ui+react-label@2.1.1_@types+react-dom@18.3.5_@types+react@18.3.1__@types+react@18.3.1__6mgytqhf2nkbc
@houdoku/desktop:build: cf7y3q2bs7i6q/node_modules/@radix-ui/react-label/dist/index.mjs (1:0): Module level directives cause errors when bundled, "use clien
@houdoku/desktop:build: t" in "../../node_modules/.pnpm/@radix-ui+react-label@2.1.1_@types+react-dom@18.3.5_@types+react@18.3.1__@types+react@18.3.1__6mgytq
@houdoku/desktop:build: hf2nkbccf7y3q2bs7i6q/node_modules/@radix-ui/react-label/dist/index.mjs" was ignored.
@houdoku/desktop:build: ../../node_modules/.pnpm/@radix-ui+react-select@2.1.4_@types+react-dom@18.3.5_@types+react@18.3.1__@types+react@18.3.1_dpmecuvpzzcot
@houdoku/desktop:build: bjumonoggo3py/node_modules/@radix-ui/react-select/dist/index.mjs (1:0): Module level directives cause errors when bundled, "use clie
@houdoku/desktop:build: nt" in "../../node_modules/.pnpm/@radix-ui+react-select@2.1.4_@types+react-dom@18.3.5_@types+react@18.3.1__@types+react@18.3.1_dpmec
@houdoku/desktop:build: uvpzzcotbjumonoggo3py/node_modules/@radix-ui/react-select/dist/index.mjs" was ignored.
@houdoku/desktop:build: [K../../node_modules/.pnpm/@radix-ui+react-checkbox@1.1.3_@types+react-dom@18.3.5_@types+react@18.3.1__@types+react@18.3_p3csgc3lsudfh
@houdoku/desktop:build: hohjszz2xbzeq/node_modules/@radix-ui/react-checkbox/dist/index.mjs (1:0): Module level directives cause errors when bundled, "use cl
@houdoku/desktop:build: ient" in "../../node_modules/.pnpm/@radix-ui+react-checkbox@1.1.3_@types+react-dom@18.3.5_@types+react@18.3.1__@types+react@18.3_p3c
@houdoku/desktop:build: sgc3lsudfhhohjszz2xbzeq/node_modules/@radix-ui/react-checkbox/dist/index.mjs" was ignored.
@houdoku/desktop:build: ../../node_modules/.pnpm/@radix-ui+react-progress@1.1.1_@types+react-dom@18.3.5_@types+react@18.3.1__@types+react@18.3_ruxmjbgxjj5xe
@houdoku/desktop:build: blcku227lyomq/node_modules/@radix-ui/react-progress/dist/index.mjs (1:0): Module level directives cause errors when bundled, "use cl
@houdoku/desktop:build: ient" in "../../node_modules/.pnpm/@radix-ui+react-progress@1.1.1_@types+react-dom@18.3.5_@types+react@18.3.1__@types+react@18.3_rux
@houdoku/desktop:build: mjbgxjj5xeblcku227lyomq/node_modules/@radix-ui/react-progress/dist/index.mjs" was ignored.
@houdoku/desktop:build: ../../node_modules/.pnpm/@radix-ui+react-menu@2.1.4_@types+react-dom@18.3.5_@types+react@18.3.1__@types+react@18.3.1_r_rzpbuj43bea4f
@houdoku/desktop:build: mraw6ox5e737e/node_modules/@radix-ui/react-menu/dist/index.mjs (1:0): Module level directives cause errors when bundled, "use client
@houdoku/desktop:build: " in "../../node_modules/.pnpm/@radix-ui+react-menu@2.1.4_@types+react-dom@18.3.5_@types+react@18.3.1__@types+react@18.3.1_r_rzpbuj4
@houdoku/desktop:build: 3bea4fmraw6ox5e737e/node_modules/@radix-ui/react-menu/dist/index.mjs" was ignored.
@houdoku/desktop:build: [Ktransforming (1785) ..\..\..\..\node_modules\.pnpm\semver@7.6.3\node_modules\semver\internal\re.js
@houdoku/desktop:build: ../../packages/ui/src/components/Slider.tsx (1:0): Error when using sourcemap for reporting an error: Can't resolve original locatio
@houdoku/desktop:build: n of error.
@houdoku/desktop:build: ../../packages/ui/src/components/Slider.tsx (1:0): Module level directives cause errors when bundled, "use client" in "../../package
@houdoku/desktop:build: s/ui/src/components/Slider.tsx" was ignored.
@houdoku/desktop:build: ../../packages/ui/src/components/Tabs.tsx (1:0): Error when using sourcemap for reporting an error: Can't resolve original location 
@houdoku/desktop:build: of error.
@houdoku/desktop:build: ../../packages/ui/src/components/Tabs.tsx (1:0): Module level directives cause errors when bundled, "use client" in "../../packages/
@houdoku/desktop:build: ui/src/components/Tabs.tsx" was ignored.
@houdoku/desktop:build: ../../packages/ui/src/components/InputTags.tsx (1:0): Error when using sourcemap for reporting an error: Can't resolve original loca
@houdoku/desktop:build: tion of error.
@houdoku/desktop:build: ../../packages/ui/src/components/InputTags.tsx (1:0): Module level directives cause errors when bundled, "use client" in "../../pack
@houdoku/desktop:build: ages/ui/src/components/InputTags.tsx" was ignored.
@houdoku/desktop:build: ../../node_modules/.pnpm/@radix-ui+react-popper@1.2.1_@types+react-dom@18.3.5_@types+react@18.3.1__@types+react@18.3.1_anw2lozonovjk
@houdoku/desktop:build: dwoy6mtzt3eae/node_modules/@radix-ui/react-popper/dist/index.mjs (1:0): Module level directives cause errors when bundled, "use clie
@houdoku/desktop:build: nt" in "../../node_modules/.pnpm/@radix-ui+react-popper@1.2.1_@types+react-dom@18.3.5_@types+react@18.3.1__@types+react@18.3.1_anw2l
@houdoku/desktop:build: ozonovjkdwoy6mtzt3eae/node_modules/@radix-ui/react-popper/dist/index.mjs" was ignored.
@houdoku/desktop:build: ../../node_modules/.pnpm/@radix-ui+react-switch@1.1.2_@types+react-dom@18.3.5_@types+react@18.3.1__@types+react@18.3.1_44b5eh6q4ushg
@houdoku/desktop:build: u7bev2swc3sau/node_modules/@radix-ui/react-switch/dist/index.mjs (1:0): Module level directives cause errors when bundled, "use clie
@houdoku/desktop:build: nt" in "../../node_modules/.pnpm/@radix-ui+react-switch@1.1.2_@types+react-dom@18.3.5_@types+react@18.3.1__@types+react@18.3.1_44b5e
@houdoku/desktop:build: h6q4ushgu7bev2swc3sau/node_modules/@radix-ui/react-switch/dist/index.mjs" was ignored.
@houdoku/desktop:build: [K../../node_modules/.pnpm/@radix-ui+react-roving-focus@1.1.1_@types+react-dom@18.3.5_@types+react@18.3.1__@types+react@_ektwbg2tsyum5
@houdoku/desktop:build: zhanaphbljcgu/node_modules/@radix-ui/react-roving-focus/dist/index.mjs (1:0): Module level directives cause errors when bundled, "us
@houdoku/desktop:build: e client" in "../../node_modules/.pnpm/@radix-ui+react-roving-focus@1.1.1_@types+react-dom@18.3.5_@types+react@18.3.1__@types+react@
@houdoku/desktop:build: _ektwbg2tsyum5zhanaphbljcgu/node_modules/@radix-ui/react-roving-focus/dist/index.mjs" was ignored.
@houdoku/desktop:build: ../../packages/ui/src/components/Command.tsx (1:0): Error when using sourcemap for reporting an error: Can't resolve original locati
@houdoku/desktop:build: on of error.
@houdoku/desktop:build: ../../packages/ui/src/components/Command.tsx (1:0): Module level directives cause errors when bundled, "use client" in "../../packag
@houdoku/desktop:build: es/ui/src/components/Command.tsx" was ignored.
@houdoku/desktop:build: [K../../packages/ui/src/components/Popover.tsx (1:0): Error when using sourcemap for reporting an error: Can't resolve original locati
@houdoku/desktop:build: on of error.
@houdoku/desktop:build: ../../packages/ui/src/components/Popover.tsx (1:0): Module level directives cause errors when bundled, "use client" in "../../packag
@houdoku/desktop:build: es/ui/src/components/Popover.tsx" was ignored.
@houdoku/desktop:build: ../../node_modules/.pnpm/@radix-ui+react-tabs@1.1.2_@types+react-dom@18.3.5_@types+react@18.3.1__@types+react@18.3.1_r_2omxgqkqpw2by
@houdoku/desktop:build: qgz367epytq5a/node_modules/@radix-ui/react-tabs/dist/index.mjs (1:0): Module level directives cause errors when bundled, "use client
@houdoku/desktop:build: " in "../../node_modules/.pnpm/@radix-ui+react-tabs@1.1.2_@types+react-dom@18.3.5_@types+react@18.3.1__@types+react@18.3.1_r_2omxgqk
@houdoku/desktop:build: qpw2byqgz367epytq5a/node_modules/@radix-ui/react-tabs/dist/index.mjs" was ignored.
@houdoku/desktop:build: ../../node_modules/.pnpm/@radix-ui+react-slider@1.2.2_@types+react-dom@18.3.5_@types+react@18.3.1__@types+react@18.3.1_bwti6lese2dyw
@houdoku/desktop:build: vnix2f3g3rkp4/node_modules/@radix-ui/react-slider/dist/index.mjs (1:0): Module level directives cause errors when bundled, "use clie
@houdoku/desktop:build: nt" in "../../node_modules/.pnpm/@radix-ui+react-slider@1.2.2_@types+react-dom@18.3.5_@types+react@18.3.1__@types+react@18.3.1_bwti6
@houdoku/desktop:build: lese2dywvnix2f3g3rkp4/node_modules/@radix-ui/react-slider/dist/index.mjs" was ignored.
@houdoku/desktop:build: [K../../node_modules/.pnpm/cmdk@1.0.4_@types+react-dom@18.3.5_@types+react@18.3.1__@types+react@18.3.1_react-dom@18.3.1_react@18.3.1__
@houdoku/desktop:build: react@18.3.1/node_modules/cmdk/dist/index.mjs (1:0): Module level directives cause errors when bundled, "use client" in "../../node_
@houdoku/desktop:build: modules/.pnpm/cmdk@1.0.4_@types+react-dom@18.3.5_@types+react@18.3.1__@types+react@18.3.1_react-dom@18.3.1_react@18.3.1__react@18.3.
@houdoku/desktop:build: 1/node_modules/cmdk/dist/index.mjs" was ignored.
@houdoku/desktop:build: [25l
@houdoku/desktop:build: transforming (1888) ..\..\..\..\node_modules\.pnpm\@radix-ui+react-popover@1.1.4_@types+react-dom@18.3.5_@types+react@18.3.1__@     [11;128H[?25h
@houdoku/desktop:build: ../../node_modules/.pnpm/@radix-ui+react-popover@1.1.4_@types+react-dom@18.3.5_@types+react@18.3.1__@types+react@18.3._sodtaias6o3ka
@houdoku/desktop:build: hydru2ohsdaum/node_modules/@radix-ui/react-popover/dist/index.mjs (1:0): Module level directives cause errors when bundled, "use cli
@houdoku/desktop:build: ent" in "../../node_modules/.pnpm/@radix-ui+react-popover@1.1.4_@types+react-dom@18.3.5_@types+react@18.3.1__@types+react@18.3._sodt
@houdoku/desktop:build: aias6o3kahydru2ohsdaum/node_modules/@radix-ui/react-popover/dist/index.mjs" was ignored.
@houdoku/desktop:build: [Ktransforming (1919) ..\..\..\..\node_modules\.pnpm\react-style-singleton@2.2.3_@types+react@18.3.1_react@18.3.1\node_modules\re
@houdoku/desktop:build: [K[K[32mΓ£ô[m 1929 modules transformed.
@houdoku/desktop:build: [K[K../../out/renderer/[32mindex.html[27X[1m[97m[27C    0.28 kB[m[K
@houdoku/desktop:build: ../../out/renderer/[32massets/InterVariable-DiVDrmQJ.woff2  [1m[97m  352.24 kB[m[K
@houdoku/desktop:build: ../../out/renderer/[35massets/index-6ibdzuFB.css[12X[1m[97m[12C  267.25 kB[m[K
@houdoku/desktop:build: ../../out/renderer/[36massets/index-C9G4k_Sk.js[13X[1m[93m[13C1,688.43 kB[m[K
@houdoku/desktop:build: [32mΓ£ô built in 8.18s[m[K
@houdoku/desktop:dist:win: cache miss, executing 61fa075569b69425
@houdoku/desktop:dist:win: 
@houdoku/desktop:dist:win: > @houdoku/desktop@2.17.0 dist:win C:\Users\dnvm8\Documents\GitHub\houdoku-S41L0R\apps\desktop
@houdoku/desktop:dist:win: > pnpm electron-builder --publish onTagOrDraft --win
@houdoku/desktop:dist:win: 
@houdoku/desktop:dist:win:   ΓÇó electron-builder  version=25.1.8 os=10.0.19045
@houdoku/desktop:dist:win:   ΓÇó loaded configuration  file=package.json ("build" field)
@houdoku/desktop:dist:win:   ΓÇó executing @electron/rebuild  electronVersion=32.2.7 arch=x64 buildFromSource=false appDir=./
@houdoku/desktop:dist:win:   ΓÇó installing native dependencies  arch=x64
@houdoku/desktop:dist:win:   ΓÇó preparing       moduleName=bufferutil arch=x64
@houdoku/desktop:dist:win:   ΓÇó finished        moduleName=bufferutil arch=x64
@houdoku/desktop:dist:win:   ΓÇó preparing       moduleName=utf-8-validate arch=x64
@houdoku/desktop:dist:win:   Γ¿» (node:2000) [DEP0060] DeprecationWarning: The `util._extend` API is deprecated. Please use Object.assign() instead.
@houdoku/desktop:dist:win: (Use `node --trace-deprecation ...` to show where the warning was created)
@houdoku/desktop:dist:win: (node:2000) [DEP0190] DeprecationWarning: Passing args to a child process with shell option true can lead to security vulnerabilities, as the arguments are not escaped, only concatenated.
@houdoku/desktop:dist:win: Error: Could not find any Visual Studio installation to use
@houdoku/desktop:dist:win:     at VisualStudioFinder.fail (C:\Users\dnvm8\Documents\GitHub\houdoku-S41L0R\node_modules\.pnpm\node-gyp@9.4.1\node_modules\node-gyp\lib\find-visualstudio.js:122:47)
@houdoku/desktop:dist:win:     at C:\Users\dnvm8\Documents\GitHub\houdoku-S41L0R\node_modules\.pnpm\node-gyp@9.4.1\node_modules\node-gyp\lib\find-visualstudio.js:75:16
@houdoku/desktop:dist:win:     at VisualStudioFinder.findVisualStudio2013 (C:\Users\dnvm8\Documents\GitHub\houdoku-S41L0R\node_modules\.pnpm\node-gyp@9.4.1\node_modules\node-gyp\lib\find-visualstudio.js:380:14)
@houdoku/desktop:dist:win:     at C:\Users\dnvm8\Documents\GitHub\houdoku-S41L0R\node_modules\.pnpm\node-gyp@9.4.1\node_modules\node-gyp\lib\find-visualstudio.js:71:14
@houdoku/desktop:dist:win:     at VisualStudioFinder.findVisualStudio2015 (C:\Users\dnvm8\Documents\GitHub\houdoku-S41L0R\node_modules\.pnpm\node-gyp@9.4.1\node_modules\node-gyp\lib\find-visualstudio.js:364:14)
@houdoku/desktop:dist:win:     at C:\Users\dnvm8\Documents\GitHub\houdoku-S41L0R\node_modules\.pnpm\node-gyp@9.4.1\node_modules\node-gyp\lib\find-visualstudio.js:67:12
@houdoku/desktop:dist:win:     at failPowershell (C:\Users\dnvm8\Documents\GitHub\houdoku-S41L0R\node_modules\.pnpm\node-gyp@9.4.1\node_modules\node-gyp\lib\find-visualstudio.js:156:7)
@houdoku/desktop:dist:win:     at VisualStudioFinder.parseData (C:\Users\dnvm8\Documents\GitHub\houdoku-S41L0R\node_modules\.pnpm\node-gyp@9.4.1\node_modules\node-gyp\lib\find-visualstudio.js:170:14)
@houdoku/desktop:dist:win:     at C:\Users\dnvm8\Documents\GitHub\houdoku-S41L0R\node_modules\.pnpm\node-gyp@9.4.1\node_modules\node-gyp\lib\find-visualstudio.js:143:14
@houdoku/desktop:dist:win:     at ChildProcess.exithandler (node:child_process:407:7)
@houdoku/desktop:dist:win:     at ChildProcess.emit (node:events:507:28)
@houdoku/desktop:dist:win:     at maybeClose (node:internal/child_process:1101:16)
@houdoku/desktop:dist:win:     at ChildProcess._handle.onexit (node:internal/child_process:305:5)
@houdoku/desktop:dist:win: 
@houdoku/desktop:dist:win: 
@houdoku/desktop:dist:win:   Γ¿» node-gyp failed to rebuild 'C:\Users\dnvm8\Documents\GitHub\houdoku-S41L0R\node_modules\.pnpm\utf-8-validate@6.0.5\node_modules\utf-8-validate'  failedTask=build stackTrace=Error: node-gyp failed to rebuild 'C:\Users\dnvm8\Documents\GitHub\houdoku-S41L0R\node_modules\.pnpm\utf-8-validate@6.0.5\node_modules\utf-8-validate'
@houdoku/desktop:dist:win:     at ChildProcess.<anonymous> (C:\Users\dnvm8\Documents\GitHub\houdoku-S41L0R\node_modules\.pnpm\@electron+rebuild@3.6.1\node_modules\@electron\rebuild\lib\module-type\node-gyp\node-gyp.js:121:24)
@houdoku/desktop:dist:win:     at ChildProcess.emit (node:events:507:28)
@houdoku/desktop:dist:win:     at ChildProcess._handle.onexit (node:internal/child_process:294:12)
@houdoku/desktop:dist:win: ΓÇëELIFECYCLEΓÇë Command failed with exit code 1.
@houdoku/desktop:dist:win: ERROR: command finished with error: command (C:\Users\dnvm8\Documents\GitHub\houdoku-S41L0R\apps\desktop) 
C:\Users\dnvm8\AppData\Roaming\npm\pnpm.cmd run dist:win exited (1)
@houdoku/desktop#dist:win: command (C:\Users\dnvm8\Documents\GitHub\houdoku-S41L0R\apps\desktop) C:\Users\dnvm8\AppData\Roaming\npm\pnpm.cmd run dist:win 
exited (1)

 Tasks:    2 successful, 3 total
Cached:    2 cached, 3 total
  Time:    8.585s 
Failed:    @houdoku/desktop#dist:win

 ERROR  run failed: command  exited (1)
ΓÇëELIFECYCLEΓÇë Command failed with exit code 1.
